{
    "bam_call_elprep - dbsnp": {
        "content": [
            [
                [
                    {
                        "groupSize": 3,
                        "groupTarget": {
                            "id": "NA24143",
                            "sample": "NA24143",
                            "family": "Ashkenazim",
                            "family_samples": "NA24143",
                            "split_count": 3,
                            "caller": "elprep"
                        }
                    },
                    "variantsMD5:974ed65cfad6264db7c6589d6b7d7d74",
                    "g.vcf.gz.tbi"
                ]
            ],
            [
                [
                    {
                        "groupSize": 3,
                        "groupTarget": {
                            "id": "NA24143",
                            "sample": "NA24143",
                            "family": "Ashkenazim",
                            "family_samples": "NA24143",
                            "split_count": 3,
                            "caller": "elprep"
                        }
                    },
                    "NA24143.elprep.bcftools_stats.txt:md5,36b9f979c03b24d87e2dc710baf3672b"
                ]
            ]
        ],
        "meta": {
            "nf-test": "0.9.1",
            "nextflow": "24.10.3"
        },
        "timestamp": "2025-01-23T17:21:58.291545093"
    },
    "bam_call_elprep - default": {
        "content": [
            [
                [
                    {
                        "groupSize": 3,
                        "groupTarget": {
                            "id": "NA24143",
                            "sample": "NA24143",
                            "family": "Ashkenazim",
                            "family_samples": "NA24143",
                            "split_count": 3,
                            "caller": "elprep"
                        }
                    },
                    "variantsMD5:974ed65cfad6264db7c6589d6b7d7d74",
                    "g.vcf.gz.tbi"
                ]
            ],
            [
                [
                    {
                        "groupSize": 3,
                        "groupTarget": {
                            "id": "NA24143",
                            "sample": "NA24143",
                            "family": "Ashkenazim",
                            "family_samples": "NA24143",
                            "split_count": 3,
                            "caller": "elprep"
                        }
                    },
                    "NA24143.elprep.bcftools_stats.txt:md5,36b9f979c03b24d87e2dc710baf3672b"
                ]
            ]
        ],
        "meta": {
            "nf-test": "0.9.1",
            "nextflow": "24.10.3"
        },
        "timestamp": "2025-01-23T17:21:39.582489455"
    }
}