{
    "homo_sapiens - hg38": {
        "content": [
            {
                "0": [
                    [
                        {
                            "id": "test",
                            "single_end": false
                        },
                        "test.bed:md5,74190e74851226329342a3fcae133cdb"
                    ]
                ],
                "1": [
                    "versions.yml:md5,b5fc7b6bfce18165907357d8966f09d4"
                ],
                "repeats": [
                    [
                        {
                            "id": "test",
                            "single_end": false
                        },
                        "test.bed:md5,74190e74851226329342a3fcae133cdb"
                    ]
                ],
                "versions": [
                    "versions.yml:md5,b5fc7b6bfce18165907357d8966f09d4"
                ]
            }
        ],
        "meta": {
            "nf-test": "0.9.1",
            "nextflow": "24.10.0"
        },
        "timestamp": "2024-11-13T16:31:33.522485317"
    },
    "homo_sapiens - hg38 - stub": {
        "content": [
            {
                "0": [
                    [
                        {
                            "id": "test",
                            "single_end": false
                        },
                        "test.bed:md5,d41d8cd98f00b204e9800998ecf8427e"
                    ]
                ],
                "1": [
                    "versions.yml:md5,b5fc7b6bfce18165907357d8966f09d4"
                ],
                "repeats": [
                    [
                        {
                            "id": "test",
                            "single_end": false
                        },
                        "test.bed:md5,d41d8cd98f00b204e9800998ecf8427e"
                    ]
                ],
                "versions": [
                    "versions.yml:md5,b5fc7b6bfce18165907357d8966f09d4"
                ]
            }
        ],
        "meta": {
            "nf-test": "0.9.1",
            "nextflow": "24.10.0"
        },
        "timestamp": "2024-11-13T16:31:43.895708133"
    }
}